Microchip MPLAB XC8 Compiler V2.36

Linker command line:

-W-3 --edf=C:\Program Files\Microchip\xc8\v2.36\pic\dat\en_msgs.txt -cn \
  -h+dist/default/production\UART_Slave.X.production.sym \
  --cmf=dist/default/production\UART_Slave.X.production.cmf -z -Q16F877A \
  -oC:\Users\91984\AppData\Local\Temp\xcAs9d0.4 --defsym=__MPLAB_BUILD=1 \
  -Mdist/default/production/UART_Slave.X.production.map \
  --md=C:\Users\91984\AppData\Local\Temp\xcAs9d0.dat -E1 -ver=XC8 Compiler \
  --acfsm=1493 -ACODE=00h-07FFhx4 -ASTRCODE=00h-01FFFh -ASTRING=00h-0FFhx32 \
  -ACONST=00h-0FFhx32 -AENTRY=00h-0FFhx32 -ACOMMON=070h-07Fh \
  -ABANK0=020h-06Fh -ABANK1=0A0h-0EFh -ABANK2=0110h-016Fh \
  -ABANK3=0190h-01EFh -ARAM=020h-06Fh,0A0h-0EFh,0110h-016Fh,0190h-01EFh \
  -AABS1=020h-07Fh,0A0h-0EFh,0110h-016Fh,0190h-01EFh -ASFR0=00h-01Fh \
  -ASFR1=080h-09Fh -ASFR2=0100h-010Fh -ASFR3=0180h-018Fh \
  -ACONFIG=02007h-02007h -DCONFIG=2 -AIDLOC=02000h-02003h -DIDLOC=2 \
  -AEEDATA=00h-0FFh/02100h -peeprom_data=EEDATA -DEEDATA=2 -DCODE=2 \
  -DSTRCODE=2 -DSTRING=2 -DCONST=2 -DENTRY=2 \
  -preset_vec=00h,intentry,init,end_init -ppowerup=CODE -pcinit=CODE \
  -pfunctab=ENTRY -k C:\Users\91984\AppData\Local\Temp\xcAs9d0.o \
  dist/default/production\UART_Slave.X.production.o 

Object code version is 3.11

Machine type is 16F877A



                Name                               Link     Load   Length Selector   Space Scale
C:\Users\91984\AppData\Local\Temp\xcAs9d0.o
                end_init                              0        0        3        0       0
                config                             2007     2007        1        0       4
                idloc                              2000     2000        4        0       5
dist/default/production\UART_Slave.X.production.o
                cinit                               7EC      7EC       14      FD8       0
                config                             2007     2007        1        0       4
                idloc                              2000     2000        4        0       5
                text6                               679      679       1A      CF2       0
                text5                               64A      64A       17      C94       0
                text4                               6EE      6EE       4C      DDC       0
                text3                               73A      73A       4C      E74       0
                text2                               693      693       1A      D26       0
                text1                               6AD      6AD       41      D5A       0
                maintext                            786      786       66      F0C       0
                cstackBANK0                          38       38        F       20       1
                cstackCOMMON                         70       70        B       70       1
                inittext                            637      637       13      C6E       0
                dataBANK0                            20       20       18       20       1
                bssCOMMON                            7B       7B        2       70       1
                idataBANK0                          661      661       18      CC2       0

TOTAL           Name                               Link     Load   Length     Space
        CLASS   CODE           
                end_init                              0        0        3         0
                cinit                               7EC      7EC       14         0
                text6                               679      679       1A         0
                text5                               64A      64A       17         0
                text4                               6EE      6EE       4C         0
                text3                               73A      73A       4C         0
                text2                               693      693       1A         0
                text1                               6AD      6AD       41         0
                maintext                            786      786       66         0
                inittext                            637      637       13         0
                idataBANK0                          661      661       18         0

        CLASS   STRCODE        

        CLASS   STRING         

        CLASS   CONST          

        CLASS   ENTRY          

        CLASS   COMMON         
                cstackCOMMON                         70       70        B         1
                bssCOMMON                            7B       7B        2         1

        CLASS   BANK0          
                cstackBANK0                          38       38        F         1
                dataBANK0                            20       20       18         1

        CLASS   BANK1          

        CLASS   BANK2          

        CLASS   BANK3          

        CLASS   RAM            

        CLASS   ABS1           
                abs_s1                               7E       7E        2         1

        CLASS   SFR0           

        CLASS   SFR1           

        CLASS   SFR2           

        CLASS   SFR3           

        CLASS   CONFIG         
                config                             2007     2007        1         4

        CLASS   IDLOC          
                idloc                              2000     2000        4         5

        CLASS   EEDATA         

        CLASS   STACK          



SEGMENTS        Name                           Load    Length   Top    Selector   Space  Class     Delta

                reset_vec                      000000  000003  000003         0       0  CODE        2
                dataBANK0                      000020  000027  000047        20       1  BANK0       1
                cstackCOMMON                   000070  00000D  00007D        70       1  COMMON      1
                inittext                       000637  000013  00064A       C6E       0  CODE        2
                text5                          00064A  000017  000661       C94       0  CODE        2
                idataBANK0                     000661  000018  000679       CC2       0  CODE        2
                text6                          000679  00001A  000693       CF2       0  CODE        2
                text2                          000693  00001A  0006AD       D26       0  CODE        2
                text1                          0006AD  000041  0006EE       D5A       0  CODE        2
                text4                          0006EE  00004C  00073A       DDC       0  CODE        2
                text3                          00073A  00004C  000786       E74       0  CODE        2
                maintext                       000786  000066  0007EC       F0C       0  CODE        2
                cinit                          0007EC  000014  000800       FD8       0  CODE        2


UNUSED ADDRESS RANGES

        Name                Unused          Largest block    Delta
        BANK0            0047-006F             29           1
        BANK1            00A0-00EF             50           1
        BANK2            0110-016F             60           1
        BANK3            0190-01EF             60           1
        CODE             0003-0636            634           2
                         0800-1FFF            800
        COMMON           007D-007D              1           1
        CONST            0003-0636            100           2
                         0800-1FFF            100
        EEDATA           2100-21FF            100           2
        ENTRY            0003-0636            100           2
                         0800-1FFF            100
        RAM              0047-006F             29           1
                         00A0-00EF             50
                         0110-016F             60
                         0190-01EF             60
        SFR0             0000-001F             20           1
        SFR1             0080-009F             20           1
        SFR2             0100-010F             10           1
        SFR3             0180-018F             10           1
        STRCODE          0003-0636            634           2
                         0800-1FFF           1800
        STRING           0003-0636            100           2
                         0800-1FFF            100

                                  Symbol Table

_PORTB                   (abs)        0006
_PORTC                   (abs)        0007
_RCREG                   (abs)        001A
_RCSTA                   (abs)        0018
_SPBRG                   (abs)        0099
_TRISB                   (abs)        0086
_TRISC                   (abs)        0087
_TXREG                   (abs)        0019
_TXSTA                   (abs)        0098
__Habs1                  abs1         0000
__Hbank0                 bank0        0000
__Hbank1                 bank1        0000
__Hbank2                 bank2        0000
__Hbank3                 bank3        0000
__HbssCOMMON             bssCOMMON    0000
__Hcinit                 cinit        0800
__Hclrtext               clrtext      0000
__Hcode                  code         0000
__Hcommon                common       0000
__Hconfig                config       2008
__HcstackBANK0           cstackBANK0  0000
__HcstackCOMMON          cstackCOMMON 0000
__HdataBANK0             dataBANK0    0000
__Heeprom_data           eeprom_data  0000
__Hend_init              end_init     0003
__Hfunctab               functab      0000
__HidataBANK0            idataBANK0   0000
__Hidloc                 idloc        2004
__Hinit                  init         0000
__Hinittext              inittext     0000
__Hintentry              intentry     0000
__Hmaintext              maintext     0000
__Hpowerup               powerup      0000
__Hram                   ram          0000
__Hreset_vec             reset_vec    0000
__Hsfr0                  sfr0         0000
__Hsfr1                  sfr1         0000
__Hsfr2                  sfr2         0000
__Hsfr3                  sfr3         0000
__Hspace_0               (abs)        0800
__Hspace_1               (abs)        007D
__Hspace_2               (abs)        0000
__Hspace_3               (abs)        0000
__Hspace_4               (abs)        400F
__Hstack                 stack        0000
__Hstrings               strings      0000
__Htext                  text         0000
__Labs1                  abs1         0000
__Lbank0                 bank0        0000
__Lbank1                 bank1        0000
__Lbank2                 bank2        0000
__Lbank3                 bank3        0000
__LbssCOMMON             bssCOMMON    0000
__Lcinit                 cinit        07EC
__Lclrtext               clrtext      0000
__Lcode                  code         0000
__Lcommon                common       0000
__Lconfig                config       0000
__LcstackBANK0           cstackBANK0  0000
__LcstackCOMMON          cstackCOMMON 0000
__LdataBANK0             dataBANK0    0000
__Leeprom_data           eeprom_data  0000
__Lend_init              end_init     0000
__Lfunctab               functab      0000
__LidataBANK0            idataBANK0   0000
__Lidloc                 idloc        0000
__Linit                  init         0000
__Linittext              inittext     0000
__Lintentry              intentry     0000
__Lmaintext              maintext     0000
__Lpowerup               powerup      0000
__Lram                   ram          0000
__Lreset_vec             reset_vec    0000
__Lsfr0                  sfr0         0000
__Lsfr1                  sfr1         0000
__Lsfr2                  sfr2         0000
__Lsfr3                  sfr3         0000
__Lspace_0               (abs)        0000
__Lspace_1               (abs)        0000
__Lspace_2               (abs)        0000
__Lspace_3               (abs)        0000
__Lspace_4               (abs)        0000
__Lstack                 stack        0000
__Lstrings               strings      0000
__Ltext                  text         0000
__S0                     (abs)        0800
__S1                     (abs)        007D
__S3                     (abs)        0000
___int_sp                stack        0000
___latbits               (abs)        0002
___sp                    stack        0000
___stackhi               (abs)        0000
___stacklo               (abs)        0000
__end_of__initialization cinit        07FC
__end_of_command         text6        0693
__end_of_data            text5        0661
__end_of_displayDown     text4        073A
__end_of_displayUp       text3        0786
__end_of_init            text2        06AD
__end_of_lcd_init        text1        06EE
__end_of_main            maintext     07EC
__initialization         cinit        07EC
__pbssCOMMON             bssCOMMON    007B
__pcstackBANK0           cstackBANK0  0038
__pcstackCOMMON          cstackCOMMON 0070
__pdataBANK0             dataBANK0    0020
__pidataBANK0            idataBANK0   0661
__pmaintext              maintext     0786
__ptext1                 text1        06AD
__ptext2                 text2        0693
__ptext3                 text3        073A
__ptext4                 text4        06EE
__ptext5                 text5        064A
__ptext6                 text6        0679
_command                 text6        0679
_data                    text5        064A
_displayDown             text4        06EE
_displayUp               text3        073A
_init                    text2        0693
_lcd_init                text1        06AD
_main                    maintext     0786
btemp                    (abs)        007E
command@a                cstackCOMMON 0072
data@a                   cstackCOMMON 0072
displayDown@F898         dataBANK0    0020
displayDown@arr          cstackBANK0  0038
displayDown@dat          cstackBANK0  0044
displayDown@i            cstackBANK0  0045
displayUp@F893           dataBANK0    002C
displayUp@arr            cstackBANK0  0038
displayUp@dat            cstackBANK0  0044
displayUp@i              cstackBANK0  0045
end_of_initialization    cinit        07FC
init_fetch0              inittext     0637
init_ram0                inittext     063B
intlevel0                functab      0000
intlevel1                functab      0000
intlevel2                functab      0000
intlevel3                functab      0000
intlevel4                functab      0000
intlevel5                functab      0000
main@rxd                 cstackCOMMON 0079
reset_vec                reset_vec    0000
start                    init         0000
start_initialization     cinit        07EC
wtemp0                   (abs)        007E


MODULE INFORMATION

Module		Function		Class		Link	Load	Size
UART_Slave.c
		_init          		CODE           	0693	0000	26
		_displayUp     		CODE           	073A	0000	76
		_displayDown   		CODE           	06EE	0000	76
		_main          		CODE           	0786	0000	102
		_data          		CODE           	064A	0000	23
		_command       		CODE           	0679	0000	26
		_lcd_init      		CODE           	06AD	0000	65

UART_Slave.c estimated size: 394

shared
		__initialization		CODE           	07EC	0000	16

shared estimated size: 16

