Microchip MPLAB XC8 Compiler V2.36

Linker command line:

-W-3 --edf=C:\Program Files\Microchip\xc8\v2.36\pic\dat\en_msgs.txt -cn \
  -h+dist/default/production\LCD_Subtraction.X.production.sym \
  --cmf=dist/default/production\LCD_Subtraction.X.production.cmf -z \
  -Q16F877A -oC:\Users\91984\AppData\Local\Temp\xcAsnjg.4 \
  --defsym=__MPLAB_BUILD=1 \
  -Mdist/default/production/LCD_Subtraction.X.production.map \
  --md=C:\Users\91984\AppData\Local\Temp\xcAsnjg.dat -E1 -ver=XC8 Compiler \
  --acfsm=1493 -ACODE=00h-07FFhx4 -ASTRCODE=00h-01FFFh -ASTRING=00h-0FFhx32 \
  -ACONST=00h-0FFhx32 -AENTRY=00h-0FFhx32 -ACOMMON=070h-07Fh \
  -ABANK0=020h-06Fh -ABANK1=0A0h-0EFh -ABANK2=0110h-016Fh \
  -ABANK3=0190h-01EFh -ARAM=020h-06Fh,0A0h-0EFh,0110h-016Fh,0190h-01EFh \
  -AABS1=020h-07Fh,0A0h-0EFh,0110h-016Fh,0190h-01EFh -ASFR0=00h-01Fh \
  -ASFR1=080h-09Fh -ASFR2=0100h-010Fh -ASFR3=0180h-018Fh \
  -ACONFIG=02007h-02007h -DCONFIG=2 -AIDLOC=02000h-02003h -DIDLOC=2 \
  -AEEDATA=00h-0FFh/02100h -peeprom_data=EEDATA -DEEDATA=2 -DCODE=2 \
  -DSTRCODE=2 -DSTRING=2 -DCONST=2 -DENTRY=2 \
  -preset_vec=00h,intentry,init,end_init -ppowerup=CODE -pcinit=CODE \
  -pfunctab=ENTRY -k C:\Users\91984\AppData\Local\Temp\xcAsnjg.o \
  dist/default/production\LCD_Subtraction.X.production.o 

Object code version is 3.11

Machine type is 16F877A



                Name                               Link     Load   Length Selector   Space Scale
C:\Users\91984\AppData\Local\Temp\xcAsnjg.o
                end_init                              0        0        3        0       0
                config                             2007     2007        1        0       4
                idloc                              2000     2000        4        0       5
dist/default/production\LCD_Subtraction.X.production.o
                cinit                               7FC      7FC        4      FF8       0
                config                             2007     2007        1        0       4
                idloc                              2000     2000        4        0       5
                text8                               65D      65D        D      CBA       0
                text7                               694      694       18      D28       0
                text6                               66A      66A       15      CD4       0
                text5                               6F9      6F9       44      DF2       0
                text4                               67F      67F       15      CFE       0
                text3                               73D      73D       5E      E7A       0
                text2                               79B      79B       61      F36       0
                text1                               6C4      6C4       35      D88       0
                maintext                            6AC      6AC       18      D58       0
                cstackBANK0                          20       20        F       20       1
                cstackCOMMON                         70       70        E       70       1

TOTAL           Name                               Link     Load   Length     Space
        CLASS   CODE           
                end_init                              0        0        3         0
                cinit                               7FC      7FC        4         0
                text8                               65D      65D        D         0
                text7                               694      694       18         0
                text6                               66A      66A       15         0
                text5                               6F9      6F9       44         0
                text4                               67F      67F       15         0
                text3                               73D      73D       5E         0
                text2                               79B      79B       61         0
                text1                               6C4      6C4       35         0
                maintext                            6AC      6AC       18         0

        CLASS   STRCODE        

        CLASS   STRING         

        CLASS   CONST          

        CLASS   ENTRY          

        CLASS   COMMON         
                cstackCOMMON                         70       70        E         1

        CLASS   BANK0          
                cstackBANK0                          20       20        F         1

        CLASS   BANK1          

        CLASS   BANK2          

        CLASS   BANK3          

        CLASS   RAM            

        CLASS   ABS1           
                abs_s1                               7E       7E        2         1

        CLASS   SFR0           

        CLASS   SFR1           

        CLASS   SFR2           

        CLASS   SFR3           

        CLASS   CONFIG         
                config                             2007     2007        1         4

        CLASS   IDLOC          
                idloc                              2000     2000        4         5

        CLASS   EEDATA         

        CLASS   STACK          



SEGMENTS        Name                           Load    Length   Top    Selector   Space  Class     Delta

                reset_vec                      000000  000003  000003         0       0  CODE        2
                cstackBANK0                    000020  00000F  00002F        20       1  BANK0       1
                cstackCOMMON                   000070  00000E  00007E        70       1  COMMON      1
                text8                          00065D  00000D  00066A       CBA       0  CODE        2
                text6                          00066A  000015  00067F       CD4       0  CODE        2
                text4                          00067F  000015  000694       CFE       0  CODE        2
                text7                          000694  000018  0006AC       D28       0  CODE        2
                maintext                       0006AC  000018  0006C4       D58       0  CODE        2
                text1                          0006C4  000035  0006F9       D88       0  CODE        2
                text5                          0006F9  000044  00073D       DF2       0  CODE        2
                text3                          00073D  00005E  00079B       E7A       0  CODE        2
                text2                          00079B  000061  0007FC       F36       0  CODE        2
                cinit                          0007FC  000004  000800       FF8       0  CODE        2


UNUSED ADDRESS RANGES

        Name                Unused          Largest block    Delta
        BANK0            002F-006F             41           1
        BANK1            00A0-00EF             50           1
        BANK2            0110-016F             60           1
        BANK3            0190-01EF             60           1
        CODE             0003-065C            65A           2
                         0800-1FFF            800
        CONST            0003-065C            100           2
                         0800-1FFF            100
        EEDATA           2100-21FF            100           2
        ENTRY            0003-065C            100           2
                         0800-1FFF            100
        RAM              002F-006F             41           1
                         00A0-00EF             50
                         0110-016F             60
                         0190-01EF             60
        SFR0             0000-001F             20           1
        SFR1             0080-009F             20           1
        SFR2             0100-010F             10           1
        SFR3             0180-018F             10           1
        STRCODE          0003-065C            65A           2
                         0800-1FFF           1800
        STRING           0003-065C            100           2
                         0800-1FFF            100

                                  Symbol Table

?___lwdiv                cstackCOMMON 0070
_PORTC                   (abs)        0007
_PORTD                   (abs)        0008
_TRISC                   (abs)        0087
_TRISD                   (abs)        0088
__Habs1                  abs1         0000
__Hbank0                 bank0        0000
__Hbank1                 bank1        0000
__Hbank2                 bank2        0000
__Hbank3                 bank3        0000
__Hcinit                 cinit        0800
__Hclrtext               clrtext      0000
__Hcode                  code         0000
__Hcommon                common       0000
__Hconfig                config       2008
__HcstackBANK0           cstackBANK0  0000
__HcstackCOMMON          cstackCOMMON 0000
__Heeprom_data           eeprom_data  0000
__Hend_init              end_init     0003
__Hfunctab               functab      0000
__Hidloc                 idloc        2004
__Hinit                  init         0000
__Hintentry              intentry     0000
__Hmaintext              maintext     0000
__Hpowerup               powerup      0000
__Hram                   ram          0000
__Hreset_vec             reset_vec    0000
__Hsfr0                  sfr0         0000
__Hsfr1                  sfr1         0000
__Hsfr2                  sfr2         0000
__Hsfr3                  sfr3         0000
__Hspace_0               (abs)        0800
__Hspace_1               (abs)        007E
__Hspace_2               (abs)        0000
__Hspace_3               (abs)        0000
__Hspace_4               (abs)        400F
__Hstack                 stack        0000
__Hstrings               strings      0000
__Htext                  text         0000
__Labs1                  abs1         0000
__Lbank0                 bank0        0000
__Lbank1                 bank1        0000
__Lbank2                 bank2        0000
__Lbank3                 bank3        0000
__Lcinit                 cinit        07FC
__Lclrtext               clrtext      0000
__Lcode                  code         0000
__Lcommon                common       0000
__Lconfig                config       0000
__LcstackBANK0           cstackBANK0  0000
__LcstackCOMMON          cstackCOMMON 0000
__Leeprom_data           eeprom_data  0000
__Lend_init              end_init     0000
__Lfunctab               functab      0000
__Lidloc                 idloc        0000
__Linit                  init         0000
__Lintentry              intentry     0000
__Lmaintext              maintext     0000
__Lpowerup               powerup      0000
__Lram                   ram          0000
__Lreset_vec             reset_vec    0000
__Lsfr0                  sfr0         0000
__Lsfr1                  sfr1         0000
__Lsfr2                  sfr2         0000
__Lsfr3                  sfr3         0000
__Lspace_0               (abs)        0000
__Lspace_1               (abs)        0000
__Lspace_2               (abs)        0000
__Lspace_3               (abs)        0000
__Lspace_4               (abs)        0000
__Lstack                 stack        0000
__Lstrings               strings      0000
__Ltext                  text         0000
__S0                     (abs)        0800
__S1                     (abs)        007E
__S3                     (abs)        0000
___bmul                  text6        066A
___bmul@multiplicand     cstackCOMMON 0078
___bmul@multiplier       cstackCOMMON 007B
___bmul@product          cstackCOMMON 007A
___int_sp                stack        0000
___latbits               (abs)        0002
___lwdiv                 text5        06F9
___lwdiv@counter         cstackCOMMON 0077
___lwdiv@dividend        cstackCOMMON 0072
___lwdiv@divisor         cstackCOMMON 0070
___lwdiv@quotient        cstackCOMMON 0075
___sp                    stack        0000
___stackhi               (abs)        0000
___stacklo               (abs)        0000
__end_of___bmul          text6        067F
__end_of___lwdiv         text5        073D
__end_of__initialization cinit        07FC
__end_of_command         text7        06AC
__end_of_conv            text2        07FC
__end_of_data            text4        0694
__end_of_delay           text8        066A
__end_of_init            text1        06F9
__end_of_main            maintext     06C4
__end_of_sendData        text3        079B
__initialization         cinit        07FC
__pcstackBANK0           cstackBANK0  0020
__pcstackCOMMON          cstackCOMMON 0070
__pmaintext              maintext     06AC
__ptext1                 text1        06C4
__ptext2                 text2        079B
__ptext3                 text3        073D
__ptext4                 text4        067F
__ptext5                 text5        06F9
__ptext6                 text6        066A
__ptext7                 text7        0694
__ptext8                 text8        065D
_command                 text7        0694
_conv                    text2        079B
_data                    text4        067F
_delay                   text8        065D
_init                    text1        06C4
_main                    maintext     06AC
_sendData                text3        073D
btemp                    (abs)        007E
command@i                cstackCOMMON 0073
conv@a                   cstackBANK0  0027
conv@ans                 cstackBANK0  002C
conv@b                   cstackBANK0  0029
conv@sign                cstackBANK0  002E
data@i                   cstackCOMMON 0073
delay@k                  cstackCOMMON 0070
end_of_initialization    cinit        07FC
intlevel0                functab      0000
intlevel1                functab      0000
intlevel2                functab      0000
intlevel3                functab      0000
intlevel4                functab      0000
intlevel5                functab      0000
reset_vec                reset_vec    0000
sendData@i               cstackCOMMON 007C
sendData@k               cstackBANK0  0022
sendData@x               cstackBANK0  0026
sendData@y               cstackBANK0  0025
start                    init         0000
start_initialization     cinit        07FC
wtemp0                   (abs)        007E


MODULE INFORMATION

Module		Function		Class		Link	Load	Size
LCD_Subtraction.c
		_init          		CODE           	06C4	0000	53
		_delay         		CODE           	065D	0000	13
		_main          		CODE           	06AC	0000	24
		_conv          		CODE           	079B	0000	97
		_data          		CODE           	067F	0000	21
		_sendData      		CODE           	073D	0000	94
		_command       		CODE           	0694	0000	24

LCD_Subtraction.c estimated size: 326

C:\Program Files\Microchip\xc8\v2.36\pic\sources\c90\common\lwdiv.c
		___lwdiv       		CODE           	06F9	0000	68

C:\Program Files\Microchip\xc8\v2.36\pic\sources\c90\common\lwdiv.c estimated size: 68

C:\Program Files\Microchip\xc8\v2.36\pic\sources\c90\common\Umul8.c
		___bmul        		CODE           	066A	0000	21

C:\Program Files\Microchip\xc8\v2.36\pic\sources\c90\common\Umul8.c estimated size: 21

shared
		__initialization		CODE           	07FC	0000	1

shared estimated size: 1

