Microchip MPLAB XC8 Compiler V2.36

Linker command line:

-W-3 --edf=C:\Program Files\Microchip\xc8\v2.36\pic\dat\en_msgs.txt -cn \
  -h+dist/default/production\Clock_using_RTC.X.production.sym \
  --cmf=dist/default/production\Clock_using_RTC.X.production.cmf -z \
  -Q16F877A -oC:\Users\91984\AppData\Local\Temp\xcAsg3o.4 \
  --defsym=__MPLAB_BUILD=1 \
  -Mdist/default/production/Clock_using_RTC.X.production.map \
  --md=C:\Users\91984\AppData\Local\Temp\xcAsg3o.dat -E1 -ver=XC8 Compiler \
  --acfsm=1493 -ACODE=00h-07FFhx4 -ASTRCODE=00h-01FFFh -ASTRING=00h-0FFhx32 \
  -ACONST=00h-0FFhx32 -AENTRY=00h-0FFhx32 -ACOMMON=070h-07Fh \
  -ABANK0=020h-06Fh -ABANK1=0A0h-0EFh -ABANK2=0110h-016Fh \
  -ABANK3=0190h-01EFh -ARAM=020h-06Fh,0A0h-0EFh,0110h-016Fh,0190h-01EFh \
  -AABS1=020h-07Fh,0A0h-0EFh,0110h-016Fh,0190h-01EFh -ASFR0=00h-01Fh \
  -ASFR1=080h-09Fh -ASFR2=0100h-010Fh -ASFR3=0180h-018Fh \
  -ACONFIG=02007h-02007h -DCONFIG=2 -AIDLOC=02000h-02003h -DIDLOC=2 \
  -AEEDATA=00h-0FFh/02100h -peeprom_data=EEDATA -DEEDATA=2 -DCODE=2 \
  -DSTRCODE=2 -DSTRING=2 -DCONST=2 -DENTRY=2 \
  -preset_vec=00h,intentry,init,end_init -ppowerup=CODE -pcinit=CODE \
  -pfunctab=ENTRY -k C:\Users\91984\AppData\Local\Temp\xcAsg3o.o \
  dist/default/production\Clock_using_RTC.X.production.o 

Object code version is 3.11

Machine type is 16F877A



                Name                               Link     Load   Length Selector   Space Scale
C:\Users\91984\AppData\Local\Temp\xcAsg3o.o
                end_init                              0        0        3        0       0
                config                             2007     2007        1        0       4
                idloc                              2000     2000        4        0       5
dist/default/production\Clock_using_RTC.X.production.o
                cinit                               7D6      7D6       2A      FAC       0
                config                             2007     2007        1        0       4
                idloc                              2000     2000        4        0       5
                text37                              400      400       66      800       0
                text36                              1BC      1BC       34      378       0
                text35                              FC4      FC4        8     1F88       0
                text34                                B        B        F       16       0
                text33                               29       29       13       52       0
                text32                               9B       9B       15      136       0
                text31                              140      140       26      280       0
                text30                              5F6      5F6       A7      BEC       0
                text29                              559      559       9D      AB2       0
                text28                               DF       DF       20      1BE       0
                text27                               B0       B0       15      160       0
                text26                              69D      69D      139      D3A       0
                text25                               FF       FF       20      1FE       0
                text24                              190      190       2C      320       0
                text23                              1F0      1F0       39      3E0       0
                text22                              39C      39C       64      738       0
                text21                              FF3      FF3        D     1FE6       0
                text20                               1A       1A        F       34       0
                text19                              FE7      FE7        C     1FCE       0
                text18                              11F      11F       21      23E       0
                text17                              FCC      FCC        9     1F98       0
                text16                              FD5      FD5        9     1FAA       0
                text15                              FDE      FDE        9     1FBC       0
                text14                               C5       C5       1A      18A       0
                text13                              4CD      4CD       8C      99A       0
                text12                              2F3      2F3       50      5E6       0
                text11                              466      466       67      8CC       0
                text10                              343      343       59      686       0
                text9                               267      267       42      4CE       0
                text8                                3C       3C       13       78       0
                text7                                 3        3        8        0       0
                text6                               166      166       2A      2CC       0
                text5                                4F       4F       13       9E       0
                text4                                62       62       13       C4       0
                text3                                75       75       13       EA       0
                text2                                88       88       13      110       0
                text1                               229      229       3E      452       0
                maintext                            2A9      2A9       4A      552       0
                cstackBANK0                          20       20       16       20       1
                cstackCOMMON                         70       70        E       70       1
                dataBANK0                            36       36        6       20       1
                bssBANK0                             3C       3C        2       20       1
                idataBANK0                          FBE      FBE        6     1F7C       0

TOTAL           Name                               Link     Load   Length     Space
        CLASS   CODE           
                end_init                              0        0        3         0
                cinit                               7D6      7D6       2A         0
                text37                              400      400       66         0
                text36                              1BC      1BC       34         0
                text35                              FC4      FC4        8         0
                text34                                B        B        F         0
                text33                               29       29       13         0
                text32                               9B       9B       15         0
                text31                              140      140       26         0
                text30                              5F6      5F6       A7         0
                text29                              559      559       9D         0
                text28                               DF       DF       20         0
                text27                               B0       B0       15         0
                text26                              69D      69D      139         0
                text25                               FF       FF       20         0
                text24                              190      190       2C         0
                text23                              1F0      1F0       39         0
                text22                              39C      39C       64         0
                text21                              FF3      FF3        D         0
                text20                               1A       1A        F         0
                text19                              FE7      FE7        C         0
                text18                              11F      11F       21         0
                text17                              FCC      FCC        9         0
                text16                              FD5      FD5        9         0
                text15                              FDE      FDE        9         0
                text14                               C5       C5       1A         0
                text13                              4CD      4CD       8C         0
                text12                              2F3      2F3       50         0
                text11                              466      466       67         0
                text10                              343      343       59         0
                text9                               267      267       42         0
                text8                                3C       3C       13         0
                text7                                 3        3        8         0
                text6                               166      166       2A         0
                text5                                4F       4F       13         0
                text4                                62       62       13         0
                text3                                75       75       13         0
                text2                                88       88       13         0
                text1                               229      229       3E         0
                maintext                            2A9      2A9       4A         0
                idataBANK0                          FBE      FBE        6         0

        CLASS   STRCODE        

        CLASS   STRING         

        CLASS   CONST          

        CLASS   ENTRY          

        CLASS   COMMON         
                cstackCOMMON                         70       70        E         1

        CLASS   BANK0          
                cstackBANK0                          20       20       16         1
                dataBANK0                            36       36        6         1
                bssBANK0                             3C       3C        2         1

        CLASS   BANK1          

        CLASS   BANK2          

        CLASS   BANK3          

        CLASS   RAM            

        CLASS   ABS1           
                abs_s1                               7E       7E        2         1

        CLASS   SFR0           

        CLASS   SFR1           

        CLASS   SFR2           

        CLASS   SFR3           

        CLASS   CONFIG         
                config                             2007     2007        1         4

        CLASS   IDLOC          
                idloc                              2000     2000        4         5

        CLASS   EEDATA         

        CLASS   STACK          



SEGMENTS        Name                           Load    Length   Top    Selector   Space  Class     Delta

                reset_vec                      000000  00000B  00000B         0       0  CODE        2
                text34                         00000B  00000F  00001A        16       0  CODE        2
                cstackBANK0                    000020  00001E  00003E        20       1  BANK0       1
                text20                         00001A  00000F  000029        34       0  CODE        2
                text33                         000029  000013  00003C        52       0  CODE        2
                cstackCOMMON                   000070  00000E  00007E        70       1  COMMON      1
                text8                          00003C  000013  00004F        78       0  CODE        2
                text5                          00004F  000013  000062        9E       0  CODE        2
                text4                          000062  000013  000075        C4       0  CODE        2
                text3                          000075  000013  000088        EA       0  CODE        2
                text2                          000088  000013  00009B       110       0  CODE        2
                text32                         00009B  000015  0000B0       136       0  CODE        2
                text27                         0000B0  000015  0000C5       160       0  CODE        2
                text14                         0000C5  00001A  0000DF       18A       0  CODE        2
                text28                         0000DF  000020  0000FF       1BE       0  CODE        2
                text25                         0000FF  000020  00011F       1FE       0  CODE        2
                text18                         00011F  000021  000140       23E       0  CODE        2
                text31                         000140  000026  000166       280       0  CODE        2
                text6                          000166  00002A  000190       2CC       0  CODE        2
                text24                         000190  00002C  0001BC       320       0  CODE        2
                text36                         0001BC  000034  0001F0       378       0  CODE        2
                text23                         0001F0  000039  000229       3E0       0  CODE        2
                text1                          000229  00003E  000267       452       0  CODE        2
                text9                          000267  000042  0002A9       4CE       0  CODE        2
                maintext                       0002A9  00004A  0002F3       552       0  CODE        2
                text12                         0002F3  000050  000343       5E6       0  CODE        2
                text10                         000343  000059  00039C       686       0  CODE        2
                text22                         00039C  000064  000400       738       0  CODE        2
                text37                         000400  000066  000466       800       0  CODE        2
                text11                         000466  000067  0004CD       8CC       0  CODE        2
                text13                         0004CD  00008C  000559       99A       0  CODE        2
                text29                         000559  00009D  0005F6       AB2       0  CODE        2
                text30                         0005F6  0000A7  00069D       BEC       0  CODE        2
                text26                         00069D  000139  0007D6       D3A       0  CODE        2
                cinit                          0007D6  00002A  000800       FAC       0  CODE        2
                idataBANK0                     000FBE  000006  000FC4      1F7C       0  CODE        2
                text35                         000FC4  000008  000FCC      1F88       0  CODE        2
                text17                         000FCC  000009  000FD5      1F98       0  CODE        2
                text16                         000FD5  000009  000FDE      1FAA       0  CODE        2
                text15                         000FDE  000009  000FE7      1FBC       0  CODE        2
                text19                         000FE7  00000C  000FF3      1FCE       0  CODE        2
                text21                         000FF3  00000D  001000      1FE6       0  CODE        2


UNUSED ADDRESS RANGES

        Name                Unused          Largest block    Delta
        BANK0            003E-006F             32           1
        BANK1            00A0-00EF             50           1
        BANK2            0110-016F             60           1
        BANK3            0190-01EF             60           1
        CODE             0800-0FBD            7BE           2
                         1000-1FFF            800
        CONST            0800-0FBD            100           2
                         1000-1FFF            100
        EEDATA           2100-21FF            100           2
        ENTRY            0800-0FBD            100           2
                         1000-1FFF            100
        RAM              003E-006F             32           1
                         00A0-00EF             50
                         0110-016F             60
                         0190-01EF             60
        SFR0             0000-001F             20           1
        SFR1             0080-009F             20           1
        SFR2             0100-010F             10           1
        SFR3             0180-018F             10           1
        STRCODE          0800-0FBD            7BE           2
                         1000-1FFF           1000
        STRING           0800-0FBD            100           2
                         1000-1FFF            100

                                  Symbol Table

?___awdiv                  cstackCOMMON 0070
?___awmod                  cstackCOMMON 0070
?___lldiv                  cstackCOMMON 0070
Hexa_to_BCD@LSB            cstackBANK0  0022
Hexa_to_BCD@MSB            cstackBANK0  0021
Hexa_to_BCD@data           cstackBANK0  0023
Hexa_to_BCD@ones           cstackBANK0  0024
Hexa_to_BCD@tens           cstackBANK0  0020
I2C_Init@freq              cstackBANK0  0020
I2C_Write@data             cstackCOMMON 0072
LSB@data                   cstackCOMMON 0071
LSB@ones                   cstackCOMMON 0072
MSB@data                   cstackCOMMON 0072
MSB@tens                   cstackCOMMON 0073
RTC_Read@address           cstackCOMMON 0074
RTC_Write@address          cstackCOMMON 0073
_ACKSTAT                   (abs)        048E
_Hexa_to_BCD               text9        0267
_I2C_Ack                   text20       001A
_I2C_Init                  text36       01BC
_I2C_Nack                  text19       0FE7
_I2C_Read                  text18       011F
_I2C_Repeatedstart         text17       0FCC
_I2C_Start                 text16       0FD5
_I2C_Stop                  text15       0FDE
_I2C_Wait                  text21       0FF3
_I2C_Write                 text14       00C5
_LCD_display               text23       01F0
_LCD_init                  text22       039C
_LSB                       text35       0FC4
_MSB                       text34       000B
_PIR1                      (abs)        000C
_PORTC                     (abs)        0007
_PORTD                     (abs)        0008
_RTC_Read                  text13       04CD
_RTC_Write                 text12       02F3
_SSPADD                    (abs)        0093
_SSPBUF                    (abs)        0013
_SSPCON                    (abs)        0014
_SSPCON2                   (abs)        0091
_SSPSTAT                   (abs)        0094
_TRISC                     (abs)        0087
_TRISD                     (abs)        0088
__Habs1                    abs1         0000
__Hbank0                   bank0        0000
__Hbank1                   bank1        0000
__Hbank2                   bank2        0000
__Hbank3                   bank3        0000
__HbssBANK0                bssBANK0     0000
__Hcinit                   cinit        0800
__Hclrtext                 clrtext      0000
__Hcode                    code         0000
__Hcommon                  common       0000
__Hconfig                  config       2008
__HcstackBANK0             cstackBANK0  0000
__HcstackCOMMON            cstackCOMMON 0000
__HdataBANK0               dataBANK0    0000
__Heeprom_data             eeprom_data  0000
__Hend_init                end_init     0003
__Hfunctab                 functab      0000
__HidataBANK0              idataBANK0   0000
__Hidloc                   idloc        2004
__Hinit                    init         0000
__Hintentry                intentry     0000
__Hmaintext                maintext     0000
__Hpowerup                 powerup      0000
__Hram                     ram          0000
__Hreset_vec               reset_vec    0000
__Hsfr0                    sfr0         0000
__Hsfr1                    sfr1         0000
__Hsfr2                    sfr2         0000
__Hsfr3                    sfr3         0000
__Hspace_0                 (abs)        1000
__Hspace_1                 (abs)        007E
__Hspace_2                 (abs)        0000
__Hspace_3                 (abs)        0000
__Hspace_4                 (abs)        400F
__Hstack                   stack        0000
__Hstrings                 strings      0000
__Htext                    text         0000
__Labs1                    abs1         0000
__Lbank0                   bank0        0000
__Lbank1                   bank1        0000
__Lbank2                   bank2        0000
__Lbank3                   bank3        0000
__LbssBANK0                bssBANK0     0000
__Lcinit                   cinit        07D6
__Lclrtext                 clrtext      0000
__Lcode                    code         0000
__Lcommon                  common       0000
__Lconfig                  config       0000
__LcstackBANK0             cstackBANK0  0000
__LcstackCOMMON            cstackCOMMON 0000
__LdataBANK0               dataBANK0    0000
__Leeprom_data             eeprom_data  0000
__Lend_init                end_init     0000
__Lfunctab                 functab      0000
__LidataBANK0              idataBANK0   0000
__Lidloc                   idloc        0000
__Linit                    init         0000
__Lintentry                intentry     0000
__Lmaintext                maintext     0000
__Lpowerup                 powerup      0000
__Lram                     ram          0000
__Lreset_vec               reset_vec    0000
__Lsfr0                    sfr0         0000
__Lsfr1                    sfr1         0000
__Lsfr2                    sfr2         0000
__Lsfr3                    sfr3         0000
__Lspace_0                 (abs)        0000
__Lspace_1                 (abs)        0000
__Lspace_2                 (abs)        0000
__Lspace_3                 (abs)        0000
__Lspace_4                 (abs)        0000
__Lstack                   stack        0000
__Lstrings                 strings      0000
__Ltext                    text         0000
__S0                       (abs)        1000
__S1                       (abs)        007E
__S3                       (abs)        0000
___awdiv                   text11       0466
___awdiv@counter           cstackCOMMON 0075
___awdiv@dividend          cstackCOMMON 0072
___awdiv@divisor           cstackCOMMON 0070
___awdiv@quotient          cstackCOMMON 0077
___awdiv@sign              cstackCOMMON 0076
___awmod                   text10       0343
___awmod@counter           cstackCOMMON 0075
___awmod@dividend          cstackCOMMON 0072
___awmod@divisor           cstackCOMMON 0070
___awmod@sign              cstackCOMMON 0076
___bmul                    text27       00B0
___bmul@multiplicand       cstackCOMMON 0074
___bmul@multiplier         cstackCOMMON 0077
___bmul@product            cstackCOMMON 0076
___int_sp                  stack        0000
___latbits                 (abs)        0002
___lldiv                   text37       0400
___lldiv@counter           cstackCOMMON 007D
___lldiv@dividend          cstackCOMMON 0074
___lldiv@divisor           cstackCOMMON 0070
___lldiv@quotient          cstackCOMMON 0079
___sp                      stack        0000
___stackhi                 (abs)        0000
___stacklo                 (abs)        0000
__end_of_Hexa_to_BCD       text9        02A9
__end_of_I2C_Ack           text20       0029
__end_of_I2C_Init          text36       01F0
__end_of_I2C_Nack          text19       0FF3
__end_of_I2C_Read          text18       0140
__end_of_I2C_Repeatedstart text17       0FD5
__end_of_I2C_Start         text16       0FDE
__end_of_I2C_Stop          text15       0FE7
__end_of_I2C_Wait          text21       1000
__end_of_I2C_Write         text14       00DF
__end_of_LCD_display       text23       0229
__end_of_LCD_init          text22       0400
__end_of_LSB               text35       0FCC
__end_of_MSB               text34       001A
__end_of_RTC_Read          text13       0559
__end_of_RTC_Write         text12       0343
__end_of___awdiv           text11       04CD
__end_of___awmod           text10       039C
__end_of___bmul            text27       00C5
__end_of___lldiv           text37       0466
__end_of__initialization   cinit        07FC
__end_of_command           text33       003C
__end_of_data              text32       00B0
__end_of_display_date      text31       0166
__end_of_display_day       text30       069D
__end_of_display_hr        text29       05F6
__end_of_display_min       text28       00FF
__end_of_display_mon       text26       07D6
__end_of_display_sec       text25       011F
__end_of_display_year      text24       01BC
__end_of_main              maintext     02F3
__end_of_set_date          text8        004F
__end_of_set_day           text7        000B
__end_of_set_hour          text6        0190
__end_of_set_min           text5        0062
__end_of_set_mon           text4        0075
__end_of_set_sec           text3        0088
__end_of_set_time          text1        0267
__end_of_set_year          text2        009B
__initialization           cinit        07D6
__pbssBANK0                bssBANK0     003C
__pcstackBANK0             cstackBANK0  0020
__pcstackCOMMON            cstackCOMMON 0070
__pdataBANK0               dataBANK0    0036
__pidataBANK0              idataBANK0   0FBE
__pmaintext                maintext     02A9
__ptext1                   text1        0229
__ptext10                  text10       0343
__ptext11                  text11       0466
__ptext12                  text12       02F3
__ptext13                  text13       04CD
__ptext14                  text14       00C5
__ptext15                  text15       0FDE
__ptext16                  text16       0FD5
__ptext17                  text17       0FCC
__ptext18                  text18       011F
__ptext19                  text19       0FE7
__ptext2                   text2        0088
__ptext20                  text20       001A
__ptext21                  text21       0FF3
__ptext22                  text22       039C
__ptext23                  text23       01F0
__ptext24                  text24       0190
__ptext25                  text25       00FF
__ptext26                  text26       069D
__ptext27                  text27       00B0
__ptext28                  text28       00DF
__ptext29                  text29       0559
__ptext3                   text3        0075
__ptext30                  text30       05F6
__ptext31                  text31       0140
__ptext32                  text32       009B
__ptext33                  text33       0029
__ptext34                  text34       000B
__ptext35                  text35       0FC4
__ptext36                  text36       01BC
__ptext37                  text37       0400
__ptext4                   text4        0062
__ptext5                   text5        004F
__ptext6                   text6        0166
__ptext7                   text7        0003
__ptext8                   text8        003C
__ptext9                   text9        0267
_command                   text33       0029
_data                      text32       009B
_display_date              text31       0140
_display_day               text30       05F6
_display_hr                text29       0559
_display_min               text28       00DF
_display_mon               text26       069D
_display_sec               text25       00FF
_display_year              text24       0190
_main                      maintext     02A9
_rd_time                   bssBANK0     003D
_set_date                  text8        003C
_set_day                   text7        0003
_set_hour                  text6        0166
_set_min                   text5        004F
_set_mon                   text4        0062
_set_sec                   text3        0075
_set_time                  text1        0229
_set_year                  text2        0088
_wr_time                   bssBANK0     003C
btemp                      (abs)        007E
command@m                  cstackCOMMON 0072
data@n                     cstackCOMMON 0072
display_date@date          cstackCOMMON 0074
display_day@day            cstackCOMMON 0075
display_hr@F970            dataBANK0    0036
display_hr@hour            cstackCOMMON 007C
display_hr@i               cstackCOMMON 007B
display_hr@time            cstackCOMMON 0075
display_min@min            cstackCOMMON 0074
display_mon@mon            cstackCOMMON 007B
display_sec@sec            cstackCOMMON 0074
display_year@year          cstackCOMMON 0074
end_of_initialization      cinit        07FC
intlevel0                  functab      0000
intlevel1                  functab      0000
intlevel2                  functab      0000
intlevel3                  functab      0000
intlevel4                  functab      0000
intlevel5                  functab      0000
reset_vec                  reset_vec    0000
set_date@date              cstackBANK0  0025
set_date@date_data         cstackBANK0  0026
set_day@day                cstackCOMMON 0071
set_hour@hour              cstackBANK0  0025
set_hour@hr_data           cstackBANK0  0026
set_hour@state             cstackCOMMON 007C
set_min@min                cstackBANK0  0025
set_min@min_data           cstackBANK0  0026
set_mon@mon                cstackBANK0  0025
set_mon@mon_data           cstackBANK0  0026
set_sec@sec                cstackBANK0  0025
set_sec@sec_data           cstackBANK0  0026
set_time@date              cstackBANK0  002B
set_time@day               cstackBANK0  002A
set_time@hour              cstackBANK0  0028
set_time@min               cstackBANK0  0027
set_time@mon               cstackBANK0  002C
set_time@sec               cstackBANK0  002F
set_time@state             cstackBANK0  0029
set_time@year              cstackBANK0  002D
set_year@year              cstackBANK0  0025
set_year@year_data         cstackBANK0  0026
start                      init         0000
start_initialization       cinit        07D6
wtemp0                     (abs)        007E


MODULE INFORMATION

Module		Function		Class		Link	Load	Size
C:\Program Files\Microchip\xc8\v2.36\pic\sources\c90\common\awmod.c
		___awmod       		CODE           	0343	0000	89

C:\Program Files\Microchip\xc8\v2.36\pic\sources\c90\common\awmod.c estimated size: 89

C:\Program Files\Microchip\xc8\v2.36\pic\sources\c90\common\awdiv.c
		___awdiv       		CODE           	0466	0000	103

C:\Program Files\Microchip\xc8\v2.36\pic\sources\c90\common\awdiv.c estimated size: 103

C:\Program Files\Microchip\xc8\v2.36\pic\sources\c90\common\__lldiv.c
		___lldiv       		CODE           	0400	0000	102

C:\Program Files\Microchip\xc8\v2.36\pic\sources\c90\common\__lldiv.c estimated size: 102

C:\Program Files\Microchip\xc8\v2.36\pic\sources\c90\common\Umul8.c
		___bmul        		CODE           	00B0	0000	21

C:\Program Files\Microchip\xc8\v2.36\pic\sources\c90\common\Umul8.c estimated size: 21

shared
		__initialization		CODE           	07D6	0000	38

shared estimated size: 38

RTC-main.c
		_set_date      		CODE           	003C	0000	19
		_Hexa_to_BCD   		CODE           	0267	0000	66
		_set_min       		CODE           	004F	0000	19
		_display_hr    		CODE           	0559	0000	157
		_display_sec   		CODE           	00FF	0000	32
		_display_min   		CODE           	00DF	0000	32
		_display_mon   		CODE           	069D	0000	313
		_set_hour      		CODE           	0166	0000	42
		_display_day   		CODE           	05F6	0000	167
		_RTC_Write     		CODE           	02F3	0000	80
		_display_date  		CODE           	0140	0000	38
		_display_year  		CODE           	0190	0000	44
		_set_mon       		CODE           	0062	0000	19
		_set_sec       		CODE           	0075	0000	19
		_I2C_Repeatedstart		CODE           	0FCC	0000	9
		_main          		CODE           	02A9	0000	74
		_RTC_Read      		CODE           	04CD	0000	140
		_I2C_Write     		CODE           	00C5	0000	26
		_set_day       		CODE           	0003	0000	8
		_LSB           		CODE           	0FC4	0000	8
		_MSB           		CODE           	000B	0000	15
		_I2C_Stop      		CODE           	0FDE	0000	9
		_I2C_Wait      		CODE           	0FF3	0000	13
		_data          		CODE           	009B	0000	21
		_LCD_init      		CODE           	039C	0000	100
		_I2C_Read      		CODE           	011F	0000	33
		_I2C_Init      		CODE           	01BC	0000	52
		_set_time      		CODE           	0229	0000	62
		_I2C_Ack       		CODE           	001A	0000	15
		_I2C_Nack      		CODE           	0FE7	0000	12
		_LCD_display   		CODE           	01F0	0000	57
		_I2C_Start     		CODE           	0FD5	0000	9
		_command       		CODE           	0029	0000	19
		_set_year      		CODE           	0088	0000	19

RTC-main.c estimated size: 1748

