Microchip MPLAB XC8 Compiler V2.36

Linker command line:

-W-3 --edf=C:\Program Files\Microchip\xc8\v2.36\pic\dat\en_msgs.txt -cn \
  -h+dist/default/production\ADC_with_LED.X.production.sym \
  --cmf=dist/default/production\ADC_with_LED.X.production.cmf -z -Q16F877A \
  -oC:\Users\91984\AppData\Local\Temp\xcAsblo.4 --defsym=__MPLAB_BUILD=1 \
  -Mdist/default/production/ADC_with_LED.X.production.map \
  --md=C:\Users\91984\AppData\Local\Temp\xcAsblo.dat -E1 -ver=XC8 Compiler \
  --acfsm=1493 -ACODE=00h-07FFhx4 -ASTRCODE=00h-01FFFh -ASTRING=00h-0FFhx32 \
  -ACONST=00h-0FFhx32 -AENTRY=00h-0FFhx32 -ACOMMON=070h-07Fh \
  -ABANK0=020h-06Fh -ABANK1=0A0h-0EFh -ABANK2=0110h-016Fh \
  -ABANK3=0190h-01EFh -ARAM=020h-06Fh,0A0h-0EFh,0110h-016Fh,0190h-01EFh \
  -AABS1=020h-07Fh,0A0h-0EFh,0110h-016Fh,0190h-01EFh -ASFR0=00h-01Fh \
  -ASFR1=080h-09Fh -ASFR2=0100h-010Fh -ASFR3=0180h-018Fh \
  -ACONFIG=02007h-02007h -DCONFIG=2 -AIDLOC=02000h-02003h -DIDLOC=2 \
  -AEEDATA=00h-0FFh/02100h -peeprom_data=EEDATA -DEEDATA=2 -DCODE=2 \
  -DSTRCODE=2 -DSTRING=2 -DCONST=2 -DENTRY=2 \
  -preset_vec=00h,intentry,init,end_init -ppowerup=CODE -pcinit=CODE \
  -pfunctab=ENTRY -k C:\Users\91984\AppData\Local\Temp\xcAsblo.o \
  dist/default/production\ADC_with_LED.X.production.o 

Object code version is 3.11

Machine type is 16F877A



                Name                               Link     Load   Length Selector   Space Scale
C:\Users\91984\AppData\Local\Temp\xcAsblo.o
                end_init                              0        0        3        0       0
                config                             2007     2007        1        0       4
                idloc                              2000     2000        4        0       5
dist/default/production\ADC_with_LED.X.production.o
                cinit                               7F4      7F4        C      FE8       0
                config                             2007     2007        1        0       4
                idloc                              2000     2000        4        0       5
                text10                              470      470        9      8E0       0
                text9                               58E      58E       68      B1C       0
                text8                               53A      53A       54      A74       0
                text7                               490      490       1A      920       0
                text6                               479      479       17      8F2       0
                text5                               716      716       DE      E2C       0
                text4                               680      680       96      D00       0
                text3                               4AA      4AA       46      954       0
                text2                               4F0      4F0       4A      9E0       0
                text1                               468      468        8      8D0       0
                maintext                            5F6      5F6       8A      BEC       0
                cstackBANK0                          20       20       21       20       1
                cstackCOMMON                         70       70        E       70       1
                bssBANK0                             41       41        6       20       1

TOTAL           Name                               Link     Load   Length     Space
        CLASS   CODE           
                end_init                              0        0        3         0
                cinit                               7F4      7F4        C         0
                text10                              470      470        9         0
                text9                               58E      58E       68         0
                text8                               53A      53A       54         0
                text7                               490      490       1A         0
                text6                               479      479       17         0
                text5                               716      716       DE         0
                text4                               680      680       96         0
                text3                               4AA      4AA       46         0
                text2                               4F0      4F0       4A         0
                text1                               468      468        8         0
                maintext                            5F6      5F6       8A         0

        CLASS   STRCODE        

        CLASS   STRING         

        CLASS   CONST          

        CLASS   ENTRY          

        CLASS   COMMON         
                cstackCOMMON                         70       70        E         1

        CLASS   BANK0          
                cstackBANK0                          20       20       21         1
                bssBANK0                             41       41        6         1

        CLASS   BANK1          

        CLASS   BANK2          

        CLASS   BANK3          

        CLASS   RAM            

        CLASS   ABS1           
                abs_s1                               7E       7E        2         1

        CLASS   SFR0           

        CLASS   SFR1           

        CLASS   SFR2           

        CLASS   SFR3           

        CLASS   CONFIG         
                config                             2007     2007        1         4

        CLASS   IDLOC          
                idloc                              2000     2000        4         5

        CLASS   EEDATA         

        CLASS   STACK          



SEGMENTS        Name                           Load    Length   Top    Selector   Space  Class     Delta

                reset_vec                      000000  000003  000003         0       0  CODE        2
                cstackBANK0                    000020  000027  000047        20       1  BANK0       1
                cstackCOMMON                   000070  00000E  00007E        70       1  COMMON      1
                text1                          000468  000008  000470       8D0       0  CODE        2
                text10                         000470  000009  000479       8E0       0  CODE        2
                text6                          000479  000017  000490       8F2       0  CODE        2
                text7                          000490  00001A  0004AA       920       0  CODE        2
                text3                          0004AA  000046  0004F0       954       0  CODE        2
                text2                          0004F0  00004A  00053A       9E0       0  CODE        2
                text8                          00053A  000054  00058E       A74       0  CODE        2
                text9                          00058E  000068  0005F6       B1C       0  CODE        2
                maintext                       0005F6  00008A  000680       BEC       0  CODE        2
                text4                          000680  000096  000716       D00       0  CODE        2
                text5                          000716  0000DE  0007F4       E2C       0  CODE        2
                cinit                          0007F4  00000C  000800       FE8       0  CODE        2


UNUSED ADDRESS RANGES

        Name                Unused          Largest block    Delta
        BANK0            0047-006F             29           1
        BANK1            00A0-00EF             50           1
        BANK2            0110-016F             60           1
        BANK3            0190-01EF             60           1
        CODE             0003-0467            465           2
                         0800-1FFF            800
        CONST            0003-0467            100           2
                         0800-1FFF            100
        EEDATA           2100-21FF            100           2
        ENTRY            0003-0467            100           2
                         0800-1FFF            100
        RAM              0047-006F             29           1
                         00A0-00EF             50
                         0110-016F             60
                         0190-01EF             60
        SFR0             0000-001F             20           1
        SFR1             0080-009F             20           1
        SFR2             0100-010F             10           1
        SFR3             0180-018F             10           1
        STRCODE          0003-0467            465           2
                         0800-1FFF           1800
        STRING           0003-0467            100           2
                         0800-1FFF            100

                                  Symbol Table

?___lldiv                cstackBANK0  0020
?___llmod                cstackCOMMON 0070
?___lmul                 cstackCOMMON 0070
LCD_print@i              cstackBANK0  0036
LCD_print@value          cstackBANK0  002D
LED_glow@val             cstackCOMMON 0070
_ADCON0                  (abs)        001F
_ADCON1                  (abs)        009F
_ADC_init                text10       0470
_ADRESH                  (abs)        001E
_ADRESL                  (abs)        009E
_LCD_print               text5        0716
_LED_glow                text4        0680
_PORTB                   (abs)        0006
_PORTD                   (abs)        0008
_TRISA                   (abs)        0085
_TRISB                   (abs)        0086
_TRISD                   (abs)        0088
__Habs1                  abs1         0000
__Hbank0                 bank0        0000
__Hbank1                 bank1        0000
__Hbank2                 bank2        0000
__Hbank3                 bank3        0000
__HbssBANK0              bssBANK0     0000
__Hcinit                 cinit        0800
__Hclrtext               clrtext      0000
__Hcode                  code         0000
__Hcommon                common       0000
__Hconfig                config       2008
__HcstackBANK0           cstackBANK0  0000
__HcstackCOMMON          cstackCOMMON 0000
__Heeprom_data           eeprom_data  0000
__Hend_init              end_init     0003
__Hfunctab               functab      0000
__Hidloc                 idloc        2004
__Hinit                  init         0000
__Hintentry              intentry     0000
__Hmaintext              maintext     0000
__Hpowerup               powerup      0000
__Hram                   ram          0000
__Hreset_vec             reset_vec    0000
__Hsfr0                  sfr0         0000
__Hsfr1                  sfr1         0000
__Hsfr2                  sfr2         0000
__Hsfr3                  sfr3         0000
__Hspace_0               (abs)        0800
__Hspace_1               (abs)        007E
__Hspace_2               (abs)        0000
__Hspace_3               (abs)        0000
__Hspace_4               (abs)        400F
__Hstack                 stack        0000
__Hstrings               strings      0000
__Htext                  text         0000
__Labs1                  abs1         0000
__Lbank0                 bank0        0000
__Lbank1                 bank1        0000
__Lbank2                 bank2        0000
__Lbank3                 bank3        0000
__LbssBANK0              bssBANK0     0000
__Lcinit                 cinit        07F4
__Lclrtext               clrtext      0000
__Lcode                  code         0000
__Lcommon                common       0000
__Lconfig                config       0000
__LcstackBANK0           cstackBANK0  0000
__LcstackCOMMON          cstackCOMMON 0000
__Leeprom_data           eeprom_data  0000
__Lend_init              end_init     0000
__Lfunctab               functab      0000
__Lidloc                 idloc        0000
__Linit                  init         0000
__Lintentry              intentry     0000
__Lmaintext              maintext     0000
__Lpowerup               powerup      0000
__Lram                   ram          0000
__Lreset_vec             reset_vec    0000
__Lsfr0                  sfr0         0000
__Lsfr1                  sfr1         0000
__Lsfr2                  sfr2         0000
__Lsfr3                  sfr3         0000
__Lspace_0               (abs)        0000
__Lspace_1               (abs)        0000
__Lspace_2               (abs)        0000
__Lspace_3               (abs)        0000
__Lspace_4               (abs)        0000
__Lstack                 stack        0000
__Lstrings               strings      0000
__Ltext                  text         0000
__S0                     (abs)        0800
__S1                     (abs)        007E
__S3                     (abs)        0000
___int_sp                stack        0000
___latbits               (abs)        0002
___lldiv                 text9        058E
___lldiv@counter         cstackBANK0  002C
___lldiv@dividend        cstackBANK0  0024
___lldiv@divisor         cstackBANK0  0020
___lldiv@quotient        cstackBANK0  0028
___llmod                 text8        053A
___llmod@counter         cstackCOMMON 0079
___llmod@dividend        cstackCOMMON 0074
___llmod@divisor         cstackCOMMON 0070
___lmul                  text3        04AA
___lmul@multiplicand     cstackCOMMON 0074
___lmul@multiplier       cstackCOMMON 0070
___lmul@product          cstackCOMMON 0079
___sp                    stack        0000
___stackhi               (abs)        0000
___stacklo               (abs)        0000
__end_of_ADC_init        text10       0479
__end_of_LCD_print       text5        07F4
__end_of_LED_glow        text4        0716
__end_of___lldiv         text9        05F6
__end_of___llmod         text8        058E
__end_of___lmul          text3        04F0
__end_of__initialization cinit        07FC
__end_of_command         text7        04AA
__end_of_data            text6        0490
__end_of_display_init    text2        053A
__end_of_init            text1        0470
__end_of_main            maintext     0680
__initialization         cinit        07F4
__pbssBANK0              bssBANK0     0041
__pcstackBANK0           cstackBANK0  0020
__pcstackCOMMON          cstackCOMMON 0070
__pmaintext              maintext     05F6
__ptext1                 text1        0468
__ptext10                text10       0470
__ptext2                 text2        04F0
__ptext3                 text3        04AA
__ptext4                 text4        0680
__ptext5                 text5        0716
__ptext6                 text6        0479
__ptext7                 text7        0490
__ptext8                 text8        053A
__ptext9                 text9        058E
_arr                     bssBANK0     0045
_command                 text7        0490
_data                    text6        0479
_displayVal              bssBANK0     0041
_display_init            text2        04F0
_init                    text1        0468
_main                    maintext     05F6
btemp                    (abs)        007E
command@com              cstackCOMMON 0072
data@dat                 cstackCOMMON 0072
end_of_initialization    cinit        07FC
intlevel0                functab      0000
intlevel1                functab      0000
intlevel2                functab      0000
intlevel3                functab      0000
intlevel4                functab      0000
intlevel5                functab      0000
main@AnalogVal           cstackBANK0  0039
main@eight_LSB           cstackBANK0  003F
main@two_MSB             cstackBANK0  003D
reset_vec                reset_vec    0000
start                    init         0000
start_initialization     cinit        07F4
wtemp0                   (abs)        007E


MODULE INFORMATION

Module		Function		Class		Link	Load	Size
C:\Program Files\Microchip\xc8\v2.36\pic\sources\c90\common\llmod.c
		___llmod       		CODE           	053A	0000	84

C:\Program Files\Microchip\xc8\v2.36\pic\sources\c90\common\llmod.c estimated size: 84

C:\Program Files\Microchip\xc8\v2.36\pic\sources\c90\common\__lldiv.c
		___lldiv       		CODE           	058E	0000	104

C:\Program Files\Microchip\xc8\v2.36\pic\sources\c90\common\__lldiv.c estimated size: 104

ADC_with_LED.c
		_init          		CODE           	0468	0000	8
		_LCD_print     		CODE           	0716	0000	222
		_display_init  		CODE           	04F0	0000	74
		_main          		CODE           	05F6	0000	138
		_ADC_init      		CODE           	0470	0000	9
		_data          		CODE           	0479	0000	23
		_LED_glow      		CODE           	0680	0000	150
		_command       		CODE           	0490	0000	26

ADC_with_LED.c estimated size: 650

shared
		__initialization		CODE           	07F4	0000	8

shared estimated size: 8

C:\Program Files\Microchip\xc8\v2.36\pic\sources\c90\common\Umul32.c
		___lmul        		CODE           	04AA	0000	70

C:\Program Files\Microchip\xc8\v2.36\pic\sources\c90\common\Umul32.c estimated size: 70

