Microchip MPLAB XC8 Compiler V2.36

Linker command line:

-W-3 --edf=C:\Program Files\Microchip\xc8\v2.36\pic\dat\en_msgs.txt -cn \
  -h+dist/default/production\I2C-EEPROM-Interfacing.X.production.sym \
  --cmf=dist/default/production\I2C-EEPROM-Interfacing.X.production.cmf -z \
  -Q16F877A -oC:\Users\91984\AppData\Local\Temp\xcAsmqk.4 \
  --defsym=__MPLAB_BUILD=1 \
  -Mdist/default/production/I2C-EEPROM-Interfacing.X.production.map \
  --md=C:\Users\91984\AppData\Local\Temp\xcAsmqk.dat -E1 -ver=XC8 Compiler \
  --acfsm=1493 -ACODE=00h-07FFhx4 -ASTRCODE=00h-01FFFh -ASTRING=00h-0FFhx32 \
  -ACONST=00h-0FFhx32 -AENTRY=00h-0FFhx32 -ACOMMON=070h-07Fh \
  -ABANK0=020h-06Fh -ABANK1=0A0h-0EFh -ABANK2=0110h-016Fh \
  -ABANK3=0190h-01EFh -ARAM=020h-06Fh,0A0h-0EFh,0110h-016Fh,0190h-01EFh \
  -AABS1=020h-07Fh,0A0h-0EFh,0110h-016Fh,0190h-01EFh -ASFR0=00h-01Fh \
  -ASFR1=080h-09Fh -ASFR2=0100h-010Fh -ASFR3=0180h-018Fh \
  -ACONFIG=02007h-02007h -DCONFIG=2 -AIDLOC=02000h-02003h -DIDLOC=2 \
  -AEEDATA=00h-0FFh/02100h -peeprom_data=EEDATA -DEEDATA=2 -DCODE=2 \
  -DSTRCODE=2 -DSTRING=2 -DCONST=2 -DENTRY=2 \
  -preset_vec=00h,intentry,init,end_init -ppowerup=CODE -pcinit=CODE \
  -pfunctab=ENTRY -k C:\Users\91984\AppData\Local\Temp\xcAsmqk.o \
  dist/default/production\I2C-EEPROM-Interfacing.X.production.o 

Object code version is 3.11

Machine type is 16F877A



                Name                               Link     Load   Length Selector   Space Scale
C:\Users\91984\AppData\Local\Temp\xcAsmqk.o
                end_init                              0        0        3        0       0
                config                             2007     2007        1        0       4
                idloc                              2000     2000        4        0       5
dist/default/production\I2C-EEPROM-Interfacing.X.production.o
                cinit                               7FC      7FC        4      FF8       0
                config                             2007     2007        1        0       4
                idloc                              2000     2000        4        0       5
                text11                              639      639        D      C72       0
                text10                              62D      62D        C      C5A       0
                text9                               660      660       21      CC0       0
                text8                               612      612        9      C24       0
                text7                               61B      61B        9      C36       0
                text6                               624      624        9      C48       0
                text5                               646      646       1A      C8C       0
                text4                               6F5      6F5       46      DEA       0
                text3                               681      681       30      D02       0
                text2                               796      796       66      F2C       0
                text1                               6B1      6B1       44      D62       0
                maintext                            73B      73B       5B      E76       0
                cstackBANK0                          20       20        9       20       1
                cstackCOMMON                         70       70        E       70       1

TOTAL           Name                               Link     Load   Length     Space
        CLASS   CODE           
                end_init                              0        0        3         0
                cinit                               7FC      7FC        4         0
                text11                              639      639        D         0
                text10                              62D      62D        C         0
                text9                               660      660       21         0
                text8                               612      612        9         0
                text7                               61B      61B        9         0
                text6                               624      624        9         0
                text5                               646      646       1A         0
                text4                               6F5      6F5       46         0
                text3                               681      681       30         0
                text2                               796      796       66         0
                text1                               6B1      6B1       44         0
                maintext                            73B      73B       5B         0

        CLASS   STRCODE        

        CLASS   STRING         

        CLASS   CONST          

        CLASS   ENTRY          

        CLASS   COMMON         
                cstackCOMMON                         70       70        E         1

        CLASS   BANK0          
                cstackBANK0                          20       20        9         1

        CLASS   BANK1          

        CLASS   BANK2          

        CLASS   BANK3          

        CLASS   RAM            

        CLASS   ABS1           
                abs_s1                               7E       7E        2         1

        CLASS   SFR0           

        CLASS   SFR1           

        CLASS   SFR2           

        CLASS   SFR3           

        CLASS   CONFIG         
                config                             2007     2007        1         4

        CLASS   IDLOC          
                idloc                              2000     2000        4         5

        CLASS   EEDATA         

        CLASS   STACK          



SEGMENTS        Name                           Load    Length   Top    Selector   Space  Class     Delta

                reset_vec                      000000  000003  000003         0       0  CODE        2
                cstackBANK0                    000020  000009  000029        20       1  BANK0       1
                cstackCOMMON                   000070  00000E  00007E        70       1  COMMON      1
                text8                          000612  000009  00061B       C24       0  CODE        2
                text7                          00061B  000009  000624       C36       0  CODE        2
                text6                          000624  000009  00062D       C48       0  CODE        2
                text10                         00062D  00000C  000639       C5A       0  CODE        2
                text11                         000639  00000D  000646       C72       0  CODE        2
                text5                          000646  00001A  000660       C8C       0  CODE        2
                text9                          000660  000021  000681       CC0       0  CODE        2
                text3                          000681  000030  0006B1       D02       0  CODE        2
                text1                          0006B1  000044  0006F5       D62       0  CODE        2
                text4                          0006F5  000046  00073B       DEA       0  CODE        2
                maintext                       00073B  00005B  000796       E76       0  CODE        2
                text2                          000796  000066  0007FC       F2C       0  CODE        2
                cinit                          0007FC  000004  000800       FF8       0  CODE        2


UNUSED ADDRESS RANGES

        Name                Unused          Largest block    Delta
        BANK0            0029-006F             47           1
        BANK1            00A0-00EF             50           1
        BANK2            0110-016F             60           1
        BANK3            0190-01EF             60           1
        CODE             0003-0611            60F           2
                         0800-1FFF            800
        CONST            0003-0611            100           2
                         0800-1FFF            100
        EEDATA           2100-21FF            100           2
        ENTRY            0003-0611            100           2
                         0800-1FFF            100
        RAM              0029-006F             47           1
                         00A0-00EF             50
                         0110-016F             60
                         0190-01EF             60
        SFR0             0000-001F             20           1
        SFR1             0080-009F             20           1
        SFR2             0100-010F             10           1
        SFR3             0180-018F             10           1
        STRCODE          0003-0611            60F           2
                         0800-1FFF           1800
        STRING           0003-0611            100           2
                         0800-1FFF            100

                                  Symbol Table

?___lldiv                  cstackCOMMON 0070
EEPROM_Read@address        cstackCOMMON 0073
EEPROM_Read@data           cstackCOMMON 0078
EEPROM_Write@address       cstackCOMMON 0073
EEPROM_Write@data          cstackCOMMON 0075
I2C_Init@freq              cstackBANK0  0020
I2C_Write@data             cstackCOMMON 0072
_ACKSTAT                   (abs)        048E
_EEPROM_Read               text4        06F5
_EEPROM_Write              text3        0681
_I2C_Init                  text1        06B1
_I2C_Nack                  text10       062D
_I2C_Read                  text9        0660
_I2C_Repeatedstart         text8        0612
_I2C_Start                 text7        061B
_I2C_Stop                  text6        0624
_I2C_Wait                  text11       0639
_I2C_Write                 text5        0646
_PIR1                      (abs)        000C
_PORTC                     (abs)        0007
_PORTD                     (abs)        0008
_SSPADD                    (abs)        0093
_SSPBUF                    (abs)        0013
_SSPCON                    (abs)        0014
_SSPCON2                   (abs)        0091
_SSPSTAT                   (abs)        0094
_TRISC                     (abs)        0087
_TRISD                     (abs)        0088
__Habs1                    abs1         0000
__Hbank0                   bank0        0000
__Hbank1                   bank1        0000
__Hbank2                   bank2        0000
__Hbank3                   bank3        0000
__Hcinit                   cinit        0800
__Hclrtext                 clrtext      0000
__Hcode                    code         0000
__Hcommon                  common       0000
__Hconfig                  config       2008
__HcstackBANK0             cstackBANK0  0000
__HcstackCOMMON            cstackCOMMON 0000
__Heeprom_data             eeprom_data  0000
__Hend_init                end_init     0003
__Hfunctab                 functab      0000
__Hidloc                   idloc        2004
__Hinit                    init         0000
__Hintentry                intentry     0000
__Hmaintext                maintext     0000
__Hpowerup                 powerup      0000
__Hram                     ram          0000
__Hreset_vec               reset_vec    0000
__Hsfr0                    sfr0         0000
__Hsfr1                    sfr1         0000
__Hsfr2                    sfr2         0000
__Hsfr3                    sfr3         0000
__Hspace_0                 (abs)        0800
__Hspace_1                 (abs)        007E
__Hspace_2                 (abs)        0000
__Hspace_3                 (abs)        0000
__Hspace_4                 (abs)        400F
__Hstack                   stack        0000
__Hstrings                 strings      0000
__Htext                    text         0000
__Labs1                    abs1         0000
__Lbank0                   bank0        0000
__Lbank1                   bank1        0000
__Lbank2                   bank2        0000
__Lbank3                   bank3        0000
__Lcinit                   cinit        07FC
__Lclrtext                 clrtext      0000
__Lcode                    code         0000
__Lcommon                  common       0000
__Lconfig                  config       0000
__LcstackBANK0             cstackBANK0  0000
__LcstackCOMMON            cstackCOMMON 0000
__Leeprom_data             eeprom_data  0000
__Lend_init                end_init     0000
__Lfunctab                 functab      0000
__Lidloc                   idloc        0000
__Linit                    init         0000
__Lintentry                intentry     0000
__Lmaintext                maintext     0000
__Lpowerup                 powerup      0000
__Lram                     ram          0000
__Lreset_vec               reset_vec    0000
__Lsfr0                    sfr0         0000
__Lsfr1                    sfr1         0000
__Lsfr2                    sfr2         0000
__Lsfr3                    sfr3         0000
__Lspace_0                 (abs)        0000
__Lspace_1                 (abs)        0000
__Lspace_2                 (abs)        0000
__Lspace_3                 (abs)        0000
__Lspace_4                 (abs)        0000
__Lstack                   stack        0000
__Lstrings                 strings      0000
__Ltext                    text         0000
__S0                       (abs)        0800
__S1                       (abs)        007E
__S3                       (abs)        0000
___int_sp                  stack        0000
___latbits                 (abs)        0002
___lldiv                   text2        0796
___lldiv@counter           cstackCOMMON 007D
___lldiv@dividend          cstackCOMMON 0074
___lldiv@divisor           cstackCOMMON 0070
___lldiv@quotient          cstackCOMMON 0079
___sp                      stack        0000
___stackhi                 (abs)        0000
___stacklo                 (abs)        0000
__end_of_EEPROM_Read       text4        073B
__end_of_EEPROM_Write      text3        06B1
__end_of_I2C_Init          text1        06F5
__end_of_I2C_Nack          text10       0639
__end_of_I2C_Read          text9        0681
__end_of_I2C_Repeatedstart text8        061B
__end_of_I2C_Start         text7        0624
__end_of_I2C_Stop          text6        062D
__end_of_I2C_Wait          text11       0646
__end_of_I2C_Write         text5        0660
__end_of___lldiv           text2        07FC
__end_of__initialization   cinit        07FC
__end_of_main              maintext     0796
__initialization           cinit        07FC
__pcstackBANK0             cstackBANK0  0020
__pcstackCOMMON            cstackCOMMON 0070
__pmaintext                maintext     073B
__ptext1                   text1        06B1
__ptext10                  text10       062D
__ptext11                  text11       0639
__ptext2                   text2        0796
__ptext3                   text3        0681
__ptext4                   text4        06F5
__ptext5                   text5        0646
__ptext6                   text6        0624
__ptext7                   text7        061B
__ptext8                   text8        0612
__ptext9                   text9        0660
_main                      maintext     073B
btemp                      (abs)        007E
end_of_initialization      cinit        07FC
intlevel0                  functab      0000
intlevel1                  functab      0000
intlevel2                  functab      0000
intlevel3                  functab      0000
intlevel4                  functab      0000
intlevel5                  functab      0000
reset_vec                  reset_vec    0000
start                      init         0000
start_initialization       cinit        07FC
wtemp0                     (abs)        007E


MODULE INFORMATION

Module		Function		Class		Link	Load	Size
Master.c
		_main          		CODE           	073B	0000	91

Master.c estimated size: 91

I2C-EEPROM.c
		_EEPROM_Read   		CODE           	06F5	0000	70
		_EEPROM_Write  		CODE           	0681	0000	48
		_I2C_Repeatedstart		CODE           	0612	0000	9
		_I2C_Write     		CODE           	0646	0000	26
		_I2C_Stop      		CODE           	0624	0000	9
		_I2C_Wait      		CODE           	0639	0000	13
		_I2C_Read      		CODE           	0660	0000	33
		_I2C_Init      		CODE           	06B1	0000	68
		_I2C_Nack      		CODE           	062D	0000	12
		_I2C_Start     		CODE           	061B	0000	9

I2C-EEPROM.c estimated size: 297

C:\Program Files\Microchip\xc8\v2.36\pic\sources\c90\common\__lldiv.c
		___lldiv       		CODE           	0796	0000	102

C:\Program Files\Microchip\xc8\v2.36\pic\sources\c90\common\__lldiv.c estimated size: 102

shared
		__initialization		CODE           	07FC	0000	1

shared estimated size: 1

